C51 COMPILER V9.53.0.0   LED                                                               09/21/2018 19:40:10 PAGE 1   


C51 COMPILER V9.53.0.0, COMPILATION OF MODULE LED
OBJECT MODULE PLACED IN led.OBJ
COMPILER INVOKED BY: C:\Keil_v5\C51\BIN\C51.EXE led.c OPTIMIZE(8,SPEED) BROWSE DEBUG OBJECTEXTEND TABS(2)

line level    source

   1          // File Name: led_blink sample
   2          // Author: R.venkatesan
   3          
   4          
   5          # include <reg51.h>
   6          # include <stdio.h>
   7          sbit led_blink =P1^0 ; // led pin connected on port1^0
   8          
   9          void delay(int itime)  // delay operation 
  10          {
  11   1      unsigned int i,j;
  12   1      for(i=0;i<itime;i++)
  13   1      for(j=0;j<1275;j++);
  14   1      }
  15          
  16          void main()
  17          {
  18   1      while(1)  // while loop for contiue woking on program endless
  19   1      {
  20   2      led_blink=1;  // led on 
  21   2        delay(100);   //few minute delay
  22   2        led_blink=0;  //led off
  23   2        delay(100);  //few minute delay
  24   2      }
  25   1      }


MODULE INFORMATION:   STATIC OVERLAYABLE
   CODE SIZE        =     48    ----
   CONSTANT SIZE    =   ----    ----
   XDATA SIZE       =   ----    ----
   PDATA SIZE       =   ----    ----
   DATA SIZE        =   ----    ----
   IDATA SIZE       =   ----    ----
   BIT SIZE         =   ----    ----
END OF MODULE INFORMATION.


C51 COMPILATION COMPLETE.  0 WARNING(S),  0 ERROR(S)
